
[Incubating] Problems report is available at: file:///C:/Projects/yurtdolap_deneme/YurtDolap/build/reports/problems/problems-report.html
.\gradlew : 
At line:1 char:1
+ .\gradlew assembleDebug -Dorg.gradle.java.home="C:\Program 
Files\Andr ...
+ ~~~~~~~~~~~~~~~~~~~~~~~~~~~~~~~~~~~~~~~~~~~~~~~~~~~~~~~~~~~~~~~
~~~~~~
    + CategoryInfo          : NotSpecified: (:String) [], Remote 
   Exception
    + FullyQualifiedErrorId : NativeCommandError
 
FAILURE: Build failed with an exception.

* What went wrong:
Cannot locate tasks that match '.gradle.java.home=C:\Program 
Files\Android\Android Studio\jbr' as project 
'.gradle.java.home=C' not found in root project 'YurtDolapApp'.

* Try:
> Run gradlew projects to get a list of available projects.
> For more on name expansion, please refer to https://docs.gradle
.org/8.13/userguide/command_line_interface.html#sec:name_abbrevia
tion in the Gradle documentation.
> Run with --stacktrace option to get the stack trace.
> Run with --info or --debug option to get more log output.
> Run with --scan to get full insights.
> Get more help at https://help.gradle.org.

BUILD FAILED in 1s
